{"ts": "2026-08-16T17:28:59.245748+00:00", "level": "INFO", "agent": "smartport.board", "message": "board: [simulation] section='scenario' updated by 'simulation' (v1)"}
{"ts": "2026-08-16T17:28:59.247764+00:00", "level": "INFO", "agent": "smartport.agent.orchestrator", "message": "agent started"}
{"ts": "2026-08-16T17:28:59.247764+00:00", "level": "INFO", "agent": "smartport.agent.berth_agent", "message": "agent started"}
{"ts": "2026-08-16T17:28:59.247764+00:00", "level": "INFO", "agent": "smartport.agent.crane_agent", "message": "agent started"}
{"ts": "2026-08-16T17:28:59.247764+00:00", "level": "INFO", "agent": "smartport.agent.yard_agent", "message": "agent started"}
{"ts": "2026-08-16T17:28:59.248763+00:00", "level": "INFO", "agent": "smartport.agent.conflict_agent", "message": "agent started"}
{"ts": "2026-08-16T17:28:59.250282+00:00", "level": "INFO", "agent": "smartport.simulation", "message": "simulation ready: agents=['berth_agent', 'crane_agent', 'yard_agent', 'conflict_agent', 'orchestrator']"}
{"ts": "2026-08-16T17:28:59.250282+00:00", "level": "INFO", "agent": "smartport.board", "message": "board: [orchestrator] section='phase' updated by 'orchestrator' (v2)"}
{"ts": "2026-08-16T17:28:59.250282+00:00", "level": "INFO", "agent": "smartport.agent.orchestrator", "message": "=== scheduling cycle start (mode=ga, 10 vessels) ==="}
{"ts": "2026-08-16T17:28:59.254325+00:00", "level": "ERROR", "agent": "smartport.agent.berth_agent", "message": "handler failed for plan.berth.request", "exception": "Traceback (most recent call last):\n  File \"E:\\GitHub项目\\smartport-multiagent\\smartport\\agents\\base.py\", line 71, in _dispatch\n    result = await result\n             ^^^^^^^^^^^^\n  File \"E:\\GitHub项目\\smartport-multiagent\\smartport\\agents\\berth_allocation.py\", line 57, in handle_plan_request\n    plan, meta = solve_bap_ga(\n                 ^^^^^^^^^^^^^\n  File \"E:\\GitHub项目\\smartport-multiagent\\smartport\\algorithms\\bap_ga.py\", line 181, in solve_bap_ga\n    plan, obj = _evaluate(order, pref, vessels, berths, service_hours)\n                ^^^^^^^^^^^^^^^^^^^^^^^^^^^^^^^^^^^^^^^^^^^^^^^^^^^^^^\n  File \"E:\\GitHub项目\\smartport-multiagent\\smartport\\algorithms\\bap_ga.py\", line 58, in _evaluate\n    plan = decode_schedule(order, pref, vessels, berths, service_hours)\n           ^^^^^^^^^^^^^^^^^^^^^^^^^^^^^^^^^^^^^^^^^^^^^^^^^^^^^^^^^^^^\n  File \"E:\\GitHub项目\\smartport-multiagent\\smartport\\algorithms\\bap_common.py\", line 87, in decode_schedule\n    raise ValueError(f\"vessel {vid} has no feasible berth (draft/length)\")\nValueError: vessel V003 has no feasible berth (draft/length)"}
{"ts": "2026-08-16T17:28:59.256873+00:00", "level": "INFO", "agent": "smartport.agent.orchestrator", "message": "agent stopped"}
{"ts": "2026-08-16T17:28:59.256873+00:00", "level": "INFO", "agent": "smartport.agent.berth_agent", "message": "agent stopped"}
{"ts": "2026-08-16T17:28:59.256873+00:00", "level": "INFO", "agent": "smartport.agent.crane_agent", "message": "agent stopped"}
{"ts": "2026-08-16T17:28:59.256873+00:00", "level": "INFO", "agent": "smartport.agent.yard_agent", "message": "agent stopped"}
{"ts": "2026-08-16T17:28:59.256873+00:00", "level": "INFO", "agent": "smartport.agent.conflict_agent", "message": "agent stopped"}
{"ts": "2026-08-16T17:29:25.913094+00:00", "level": "INFO", "agent": "smartport.board", "message": "board: [simulation] section='scenario' updated by 'simulation' (v1)"}
{"ts": "2026-08-16T17:29:25.913094+00:00", "level": "INFO", "agent": "smartport.agent.orchestrator", "message": "agent started"}
{"ts": "2026-08-16T17:29:25.914096+00:00", "level": "INFO", "agent": "smartport.agent.berth_agent", "message": "agent started"}
{"ts": "2026-08-16T17:29:25.914096+00:00", "level": "INFO", "agent": "smartport.agent.crane_agent", "message": "agent started"}
{"ts": "2026-08-16T17:29:25.914096+00:00", "level": "INFO", "agent": "smartport.agent.yard_agent", "message": "agent started"}
{"ts": "2026-08-16T17:29:25.914096+00:00", "level": "INFO", "agent": "smartport.agent.conflict_agent", "message": "agent started"}
{"ts": "2026-08-16T17:29:25.914609+00:00", "level": "INFO", "agent": "smartport.simulation", "message": "simulation ready: agents=['berth_agent', 'crane_agent', 'yard_agent', 'conflict_agent', 'orchestrator']"}
{"ts": "2026-08-16T17:29:25.914609+00:00", "level": "INFO", "agent": "smartport.board", "message": "board: [orchestrator] section='phase' updated by 'orchestrator' (v2)"}
{"ts": "2026-08-16T17:29:25.914609+00:00", "level": "INFO", "agent": "smartport.agent.orchestrator", "message": "=== scheduling cycle start (mode=ga, 10 vessels) ==="}
{"ts": "2026-08-16T17:29:27.013790+00:00", "level": "INFO", "agent": "smartport.board", "message": "board: [berth_agent] section='berth_plan' updated by 'berth_agent' (v3)"}
{"ts": "2026-08-16T17:29:27.014298+00:00", "level": "INFO", "agent": "smartport.agent.berth_agent", "message": "berth plan ready: mode=ga vessels=10 solve=1.09s"}
{"ts": "2026-08-16T17:29:27.014298+00:00", "level": "INFO", "agent": "smartport.board", "message": "board: [orchestrator] section='phase' updated by 'orchestrator' (v4)"}
{"ts": "2026-08-16T17:29:27.016311+00:00", "level": "INFO", "agent": "smartport.board", "message": "board: [crane_agent] section='crane_plan' updated by 'crane_agent' (v5)"}
{"ts": "2026-08-16T17:29:27.016311+00:00", "level": "INFO", "agent": "smartport.agent.crane_agent", "message": "crane plan ready: assignments=20 crane_moves=0 extended=1"}
{"ts": "2026-08-16T17:29:27.016311+00:00", "level": "INFO", "agent": "smartport.board", "message": "board: [orchestrator] section='phase' updated by 'orchestrator' (v6)"}
{"ts": "2026-08-16T17:29:27.016311+00:00", "level": "INFO", "agent": "smartport.board", "message": "board: [orchestrator] section='phase' updated by 'orchestrator' (v7)"}
{"ts": "2026-08-16T17:29:27.021925+00:00", "level": "INFO", "agent": "smartport.board", "message": "board: [yard_agent] section='yard_plan' updated by 'yard_agent' (v8)"}
{"ts": "2026-08-16T17:29:27.021925+00:00", "level": "INFO", "agent": "smartport.agent.yard_agent", "message": "yard plan ready: vessels=10 reshuffles=0"}
{"ts": "2026-08-16T17:29:27.023443+00:00", "level": "INFO", "agent": "smartport.board", "message": "board: [orchestrator] section='kpi' updated by 'orchestrator' (v9)"}
{"ts": "2026-08-16T17:29:27.023443+00:00", "level": "INFO", "agent": "smartport.board", "message": "board: [orchestrator] section='berth_plan' updated by 'orchestrator' (v10)"}
{"ts": "2026-08-16T17:29:27.023443+00:00", "level": "INFO", "agent": "smartport.board", "message": "board: [orchestrator] section='crane_plan' updated by 'orchestrator' (v11)"}
{"ts": "2026-08-16T17:29:27.023958+00:00", "level": "INFO", "agent": "smartport.agent.orchestrator", "message": "=== cycle done (mode=ga): avg_port=5.84h max_wait=7.80h reshuffles=0 elapsed=1.1s ==="}
{"ts": "2026-08-16T17:29:27.023958+00:00", "level": "INFO", "agent": "smartport.agent.orchestrator", "message": "agent stopped"}
{"ts": "2026-08-16T17:29:27.023958+00:00", "level": "INFO", "agent": "smartport.agent.berth_agent", "message": "agent stopped"}
{"ts": "2026-08-16T17:29:27.023958+00:00", "level": "INFO", "agent": "smartport.agent.crane_agent", "message": "agent stopped"}
{"ts": "2026-08-16T17:29:27.023958+00:00", "level": "INFO", "agent": "smartport.agent.yard_agent", "message": "agent stopped"}
{"ts": "2026-08-16T17:29:27.023958+00:00", "level": "INFO", "agent": "smartport.agent.conflict_agent", "message": "agent stopped"}
{"ts": "2026-08-16T17:29:27.383911+00:00", "level": "INFO", "agent": "smartport.viz", "message": "saved berth gantt: E:\\GitHub项目\\smartport-multiagent\\examples\\output\\berth_gantt_10v.png"}
{"ts": "2026-08-16T17:29:27.671796+00:00", "level": "INFO", "agent": "smartport.viz", "message": "saved crane timeline: E:\\GitHub项目\\smartport-multiagent\\examples\\output\\crane_timeline_10v.png"}
{"ts": "2026-08-16T17:32:42.694448+00:00", "level": "INFO", "agent": "smartport.board", "message": "board: [simulation] section='scenario' updated by 'simulation' (v1)"}
{"ts": "2026-08-16T17:32:42.695464+00:00", "level": "INFO", "agent": "smartport.agent.orchestrator", "message": "agent started"}
{"ts": "2026-08-16T17:32:42.695976+00:00", "level": "INFO", "agent": "smartport.agent.berth_agent", "message": "agent started"}
{"ts": "2026-08-16T17:32:42.695976+00:00", "level": "INFO", "agent": "smartport.agent.crane_agent", "message": "agent started"}
{"ts": "2026-08-16T17:32:42.695976+00:00", "level": "INFO", "agent": "smartport.agent.yard_agent", "message": "agent started"}
{"ts": "2026-08-16T17:32:42.695976+00:00", "level": "INFO", "agent": "smartport.agent.conflict_agent", "message": "agent started"}
{"ts": "2026-08-16T17:32:42.695976+00:00", "level": "INFO", "agent": "smartport.simulation", "message": "simulation ready: agents=['berth_agent', 'crane_agent', 'yard_agent', 'conflict_agent', 'orchestrator']"}
{"ts": "2026-08-16T17:32:42.695976+00:00", "level": "INFO", "agent": "smartport.board", "message": "board: [orchestrator] section='phase' updated by 'orchestrator' (v2)"}
{"ts": "2026-08-16T17:32:42.696989+00:00", "level": "INFO", "agent": "smartport.agent.orchestrator", "message": "=== scheduling cycle start (mode=ga, 10 vessels) ==="}
{"ts": "2026-08-16T17:32:43.760174+00:00", "level": "INFO", "agent": "smartport.board", "message": "board: [berth_agent] section='berth_plan' updated by 'berth_agent' (v3)"}
{"ts": "2026-08-16T17:32:43.760174+00:00", "level": "INFO", "agent": "smartport.agent.berth_agent", "message": "berth plan ready: mode=ga vessels=10 solve=1.06s"}
{"ts": "2026-08-16T17:32:43.760174+00:00", "level": "INFO", "agent": "smartport.board", "message": "board: [orchestrator] section='phase' updated by 'orchestrator' (v4)"}
{"ts": "2026-08-16T17:32:43.761687+00:00", "level": "INFO", "agent": "smartport.board", "message": "board: [crane_agent] section='crane_plan' updated by 'crane_agent' (v5)"}
{"ts": "2026-08-16T17:32:43.762702+00:00", "level": "INFO", "agent": "smartport.agent.crane_agent", "message": "crane plan ready: assignments=20 crane_moves=0 extended=1"}
{"ts": "2026-08-16T17:32:43.762702+00:00", "level": "INFO", "agent": "smartport.board", "message": "board: [orchestrator] section='phase' updated by 'orchestrator' (v6)"}
{"ts": "2026-08-16T17:32:43.762702+00:00", "level": "INFO", "agent": "smartport.board", "message": "board: [orchestrator] section='phase' updated by 'orchestrator' (v7)"}
{"ts": "2026-08-16T17:38:44.507718+00:00", "level": "INFO", "agent": "smartport.board", "message": "board: [simulation] section='scenario' updated by 'simulation' (v1)"}
{"ts": "2026-08-16T17:38:44.507718+00:00", "level": "INFO", "agent": "smartport.agent.orchestrator", "message": "agent started"}
{"ts": "2026-08-16T17:38:44.507718+00:00", "level": "INFO", "agent": "smartport.agent.berth_agent", "message": "agent started"}
{"ts": "2026-08-16T17:38:44.507718+00:00", "level": "INFO", "agent": "smartport.agent.crane_agent", "message": "agent started"}
{"ts": "2026-08-16T17:38:44.507718+00:00", "level": "INFO", "agent": "smartport.agent.yard_agent", "message": "agent started"}
{"ts": "2026-08-16T17:38:44.507718+00:00", "level": "INFO", "agent": "smartport.agent.conflict_agent", "message": "agent started"}
{"ts": "2026-08-16T17:38:44.508728+00:00", "level": "INFO", "agent": "smartport.simulation", "message": "simulation ready: agents=['berth_agent', 'crane_agent', 'yard_agent', 'conflict_agent', 'orchestrator']"}
{"ts": "2026-08-16T17:38:44.508728+00:00", "level": "INFO", "agent": "smartport.board", "message": "board: [orchestrator] section='phase' updated by 'orchestrator' (v2)"}
{"ts": "2026-08-16T17:38:44.508728+00:00", "level": "INFO", "agent": "smartport.agent.orchestrator", "message": "=== scheduling cycle start (mode=ga, 10 vessels) ==="}
{"ts": "2026-08-16T17:38:45.573836+00:00", "level": "INFO", "agent": "smartport.board", "message": "board: [berth_agent] section='berth_plan' updated by 'berth_agent' (v3)"}
{"ts": "2026-08-16T17:38:45.574346+00:00", "level": "INFO", "agent": "smartport.agent.berth_agent", "message": "berth plan ready: mode=ga vessels=10 solve=1.06s"}
{"ts": "2026-08-16T17:38:45.574866+00:00", "level": "INFO", "agent": "smartport.board", "message": "board: [orchestrator] section='phase' updated by 'orchestrator' (v4)"}
{"ts": "2026-08-16T17:38:45.576385+00:00", "level": "INFO", "agent": "smartport.board", "message": "board: [crane_agent] section='crane_plan' updated by 'crane_agent' (v5)"}
{"ts": "2026-08-16T17:38:45.576385+00:00", "level": "INFO", "agent": "smartport.agent.crane_agent", "message": "crane plan ready: assignments=20 crane_moves=0 extended=1"}
{"ts": "2026-08-16T17:38:45.576385+00:00", "level": "INFO", "agent": "smartport.board", "message": "board: [orchestrator] section='phase' updated by 'orchestrator' (v6)"}
{"ts": "2026-08-16T17:38:45.577401+00:00", "level": "INFO", "agent": "smartport.board", "message": "board: [orchestrator] section='phase' updated by 'orchestrator' (v7)"}
{"ts": "2026-08-16T17:38:45.638744+00:00", "level": "INFO", "agent": "smartport.board", "message": "board: [yard_agent] section='yard_plan' updated by 'yard_agent' (v8)"}
{"ts": "2026-08-16T17:38:45.638744+00:00", "level": "INFO", "agent": "smartport.agent.yard_agent", "message": "yard plan ready: vessels=10 reshuffles=5745"}
{"ts": "2026-08-16T17:38:45.639745+00:00", "level": "INFO", "agent": "smartport.board", "message": "board: [orchestrator] section='kpi' updated by 'orchestrator' (v9)"}
{"ts": "2026-08-16T17:38:45.639745+00:00", "level": "INFO", "agent": "smartport.board", "message": "board: [orchestrator] section='berth_plan' updated by 'orchestrator' (v10)"}
{"ts": "2026-08-16T17:38:45.639745+00:00", "level": "INFO", "agent": "smartport.board", "message": "board: [orchestrator] section='crane_plan' updated by 'orchestrator' (v11)"}
{"ts": "2026-08-16T17:38:45.639745+00:00", "level": "INFO", "agent": "smartport.agent.orchestrator", "message": "=== cycle done (mode=ga): avg_port=5.84h max_wait=7.80h reshuffles=5745 elapsed=1.1s ==="}
{"ts": "2026-08-16T17:38:45.640750+00:00", "level": "INFO", "agent": "smartport.agent.orchestrator", "message": "agent stopped"}
{"ts": "2026-08-16T17:38:45.640750+00:00", "level": "INFO", "agent": "smartport.agent.berth_agent", "message": "agent stopped"}
{"ts": "2026-08-16T17:38:45.640750+00:00", "level": "INFO", "agent": "smartport.agent.crane_agent", "message": "agent stopped"}
{"ts": "2026-08-16T17:38:45.640750+00:00", "level": "INFO", "agent": "smartport.agent.yard_agent", "message": "agent stopped"}
{"ts": "2026-08-16T17:38:45.640750+00:00", "level": "INFO", "agent": "smartport.agent.conflict_agent", "message": "agent stopped"}
{"ts": "2026-08-16T17:38:45.959438+00:00", "level": "INFO", "agent": "smartport.viz", "message": "saved berth gantt: E:\\GitHub项目\\smartport-multiagent\\examples\\output\\berth_gantt_10v.png"}
{"ts": "2026-08-16T17:38:46.255834+00:00", "level": "INFO", "agent": "smartport.viz", "message": "saved crane timeline: E:\\GitHub项目\\smartport-multiagent\\examples\\output\\crane_timeline_10v.png"}
{"ts": "2026-08-16T17:39:25.414058+00:00", "level": "INFO", "agent": "smartport.board", "message": "board: [simulation] section='scenario' updated by 'simulation' (v1)"}
{"ts": "2026-08-16T17:39:25.414575+00:00", "level": "INFO", "agent": "smartport.agent.orchestrator", "message": "agent started"}
{"ts": "2026-08-16T17:39:25.415092+00:00", "level": "INFO", "agent": "smartport.agent.berth_agent", "message": "agent started"}
{"ts": "2026-08-16T17:39:25.415092+00:00", "level": "INFO", "agent": "smartport.agent.crane_agent", "message": "agent started"}
{"ts": "2026-08-16T17:39:25.415092+00:00", "level": "INFO", "agent": "smartport.agent.yard_agent", "message": "agent started"}
{"ts": "2026-08-16T17:39:25.415092+00:00", "level": "INFO", "agent": "smartport.agent.conflict_agent", "message": "agent started"}
{"ts": "2026-08-16T17:39:25.415092+00:00", "level": "INFO", "agent": "smartport.simulation", "message": "simulation ready: agents=['berth_agent', 'crane_agent', 'yard_agent', 'conflict_agent', 'orchestrator']"}
{"ts": "2026-08-16T17:39:25.415092+00:00", "level": "INFO", "agent": "smartport.board", "message": "board: [orchestrator] section='phase' updated by 'orchestrator' (v2)"}
{"ts": "2026-08-16T17:39:25.416104+00:00", "level": "INFO", "agent": "smartport.agent.orchestrator", "message": "=== scheduling cycle start (mode=ga, 10 vessels) ==="}
{"ts": "2026-08-16T17:39:26.489181+00:00", "level": "INFO", "agent": "smartport.board", "message": "board: [berth_agent] section='berth_plan' updated by 'berth_agent' (v3)"}
{"ts": "2026-08-16T17:39:26.490181+00:00", "level": "INFO", "agent": "smartport.agent.berth_agent", "message": "berth plan ready: mode=ga vessels=10 solve=1.07s"}
{"ts": "2026-08-16T17:39:26.490181+00:00", "level": "INFO", "agent": "smartport.board", "message": "board: [orchestrator] section='phase' updated by 'orchestrator' (v4)"}
{"ts": "2026-08-16T17:39:26.491695+00:00", "level": "INFO", "agent": "smartport.board", "message": "board: [crane_agent] section='crane_plan' updated by 'crane_agent' (v5)"}
{"ts": "2026-08-16T17:39:26.491695+00:00", "level": "INFO", "agent": "smartport.agent.crane_agent", "message": "crane plan ready: assignments=20 crane_moves=0 extended=1"}
{"ts": "2026-08-16T17:39:26.492701+00:00", "level": "INFO", "agent": "smartport.board", "message": "board: [orchestrator] section='phase' updated by 'orchestrator' (v6)"}
{"ts": "2026-08-16T17:39:26.493220+00:00", "level": "INFO", "agent": "smartport.board", "message": "board: [orchestrator] section='phase' updated by 'orchestrator' (v7)"}
{"ts": "2026-08-16T17:39:26.547568+00:00", "level": "INFO", "agent": "smartport.board", "message": "board: [yard_agent] section='yard_plan' updated by 'yard_agent' (v8)"}
{"ts": "2026-08-16T17:39:26.547568+00:00", "level": "INFO", "agent": "smartport.agent.yard_agent", "message": "yard plan ready: vessels=10 reshuffles=4730"}
{"ts": "2026-08-16T17:39:26.547568+00:00", "level": "INFO", "agent": "smartport.board", "message": "board: [orchestrator] section='kpi' updated by 'orchestrator' (v9)"}
{"ts": "2026-08-16T17:39:26.547568+00:00", "level": "INFO", "agent": "smartport.board", "message": "board: [orchestrator] section='berth_plan' updated by 'orchestrator' (v10)"}
{"ts": "2026-08-16T17:39:26.547568+00:00", "level": "INFO", "agent": "smartport.board", "message": "board: [orchestrator] section='crane_plan' updated by 'orchestrator' (v11)"}
{"ts": "2026-08-16T17:39:26.549082+00:00", "level": "INFO", "agent": "smartport.agent.orchestrator", "message": "=== cycle done (mode=ga): avg_port=5.84h max_wait=7.80h reshuffles=4730 elapsed=1.1s ==="}
{"ts": "2026-08-16T17:39:26.549082+00:00", "level": "INFO", "agent": "smartport.agent.orchestrator", "message": "agent stopped"}
{"ts": "2026-08-16T17:39:26.549639+00:00", "level": "INFO", "agent": "smartport.agent.berth_agent", "message": "agent stopped"}
{"ts": "2026-08-16T17:39:26.549639+00:00", "level": "INFO", "agent": "smartport.agent.crane_agent", "message": "agent stopped"}
{"ts": "2026-08-16T17:39:26.549639+00:00", "level": "INFO", "agent": "smartport.agent.yard_agent", "message": "agent stopped"}
{"ts": "2026-08-16T17:39:26.549639+00:00", "level": "INFO", "agent": "smartport.agent.conflict_agent", "message": "agent stopped"}
{"ts": "2026-08-16T17:39:26.894150+00:00", "level": "INFO", "agent": "smartport.viz", "message": "saved berth gantt: E:\\GitHub项目\\smartport-multiagent\\examples\\output\\berth_gantt_10v.png"}
{"ts": "2026-08-16T17:39:27.173818+00:00", "level": "INFO", "agent": "smartport.viz", "message": "saved crane timeline: E:\\GitHub项目\\smartport-multiagent\\examples\\output\\crane_timeline_10v.png"}
{"ts": "2026-08-16T17:39:58.996742+00:00", "level": "INFO", "agent": "smartport.board", "message": "board: [simulation] section='scenario' updated by 'simulation' (v1)"}
{"ts": "2026-08-16T17:39:58.997253+00:00", "level": "INFO", "agent": "smartport.agent.orchestrator", "message": "agent started"}
{"ts": "2026-08-16T17:39:58.997253+00:00", "level": "INFO", "agent": "smartport.agent.berth_agent", "message": "agent started"}
{"ts": "2026-08-16T17:39:58.997762+00:00", "level": "INFO", "agent": "smartport.agent.crane_agent", "message": "agent started"}
{"ts": "2026-08-16T17:39:58.997762+00:00", "level": "INFO", "agent": "smartport.agent.yard_agent", "message": "agent started"}
{"ts": "2026-08-16T17:39:58.997762+00:00", "level": "INFO", "agent": "smartport.agent.conflict_agent", "message": "agent started"}
{"ts": "2026-08-16T17:39:58.997762+00:00", "level": "INFO", "agent": "smartport.simulation", "message": "simulation ready: agents=['berth_agent', 'crane_agent', 'yard_agent', 'conflict_agent', 'orchestrator']"}
{"ts": "2026-08-16T17:39:58.997762+00:00", "level": "INFO", "agent": "smartport.board", "message": "board: [orchestrator] section='phase' updated by 'orchestrator' (v2)"}
{"ts": "2026-08-16T17:39:58.997762+00:00", "level": "INFO", "agent": "smartport.agent.orchestrator", "message": "=== scheduling cycle start (mode=ga, 10 vessels) ==="}
{"ts": "2026-08-16T17:40:00.085412+00:00", "level": "INFO", "agent": "smartport.board", "message": "board: [berth_agent] section='berth_plan' updated by 'berth_agent' (v3)"}
{"ts": "2026-08-16T17:40:00.085412+00:00", "level": "INFO", "agent": "smartport.agent.berth_agent", "message": "berth plan ready: mode=ga vessels=10 solve=1.09s"}
{"ts": "2026-08-16T17:40:00.085412+00:00", "level": "INFO", "agent": "smartport.board", "message": "board: [orchestrator] section='phase' updated by 'orchestrator' (v4)"}
{"ts": "2026-08-16T17:40:00.086928+00:00", "level": "INFO", "agent": "smartport.board", "message": "board: [crane_agent] section='crane_plan' updated by 'crane_agent' (v5)"}
{"ts": "2026-08-16T17:40:00.086928+00:00", "level": "INFO", "agent": "smartport.agent.crane_agent", "message": "crane plan ready: assignments=20 crane_moves=0 extended=1"}
{"ts": "2026-08-16T17:40:00.086928+00:00", "level": "INFO", "agent": "smartport.board", "message": "board: [orchestrator] section='phase' updated by 'orchestrator' (v6)"}
{"ts": "2026-08-16T17:40:00.086928+00:00", "level": "INFO", "agent": "smartport.board", "message": "board: [orchestrator] section='phase' updated by 'orchestrator' (v7)"}
{"ts": "2026-08-16T17:40:00.143598+00:00", "level": "INFO", "agent": "smartport.board", "message": "board: [yard_agent] section='yard_plan' updated by 'yard_agent' (v8)"}
{"ts": "2026-08-16T17:40:00.143598+00:00", "level": "INFO", "agent": "smartport.agent.yard_agent", "message": "yard plan ready: vessels=10 reshuffles=5029"}
{"ts": "2026-08-16T17:40:00.144600+00:00", "level": "INFO", "agent": "smartport.board", "message": "board: [orchestrator] section='kpi' updated by 'orchestrator' (v9)"}
{"ts": "2026-08-16T17:40:00.144600+00:00", "level": "INFO", "agent": "smartport.board", "message": "board: [orchestrator] section='berth_plan' updated by 'orchestrator' (v10)"}
{"ts": "2026-08-16T17:40:00.144600+00:00", "level": "INFO", "agent": "smartport.board", "message": "board: [orchestrator] section='crane_plan' updated by 'orchestrator' (v11)"}
{"ts": "2026-08-16T17:40:00.144600+00:00", "level": "INFO", "agent": "smartport.agent.orchestrator", "message": "=== cycle done (mode=ga): avg_port=5.84h max_wait=7.80h reshuffles=5029 elapsed=1.1s ==="}
{"ts": "2026-08-16T17:40:00.145111+00:00", "level": "INFO", "agent": "smartport.agent.orchestrator", "message": "agent stopped"}
{"ts": "2026-08-16T17:40:00.145111+00:00", "level": "INFO", "agent": "smartport.agent.berth_agent", "message": "agent stopped"}
{"ts": "2026-08-16T17:40:00.145111+00:00", "level": "INFO", "agent": "smartport.agent.crane_agent", "message": "agent stopped"}
{"ts": "2026-08-16T17:40:00.145111+00:00", "level": "INFO", "agent": "smartport.agent.yard_agent", "message": "agent stopped"}
{"ts": "2026-08-16T17:40:00.146121+00:00", "level": "INFO", "agent": "smartport.agent.conflict_agent", "message": "agent stopped"}
{"ts": "2026-08-16T17:40:00.470513+00:00", "level": "INFO", "agent": "smartport.viz", "message": "saved berth gantt: E:\\GitHub项目\\smartport-multiagent\\examples\\output\\berth_gantt_10v.png"}
{"ts": "2026-08-16T17:40:00.751818+00:00", "level": "INFO", "agent": "smartport.viz", "message": "saved crane timeline: E:\\GitHub项目\\smartport-multiagent\\examples\\output\\crane_timeline_10v.png"}
{"ts": "2026-08-16T17:41:31.922762+00:00", "level": "INFO", "agent": "smartport.board", "message": "board: [simulation] section='scenario' updated by 'simulation' (v1)"}
{"ts": "2026-08-16T17:41:31.922762+00:00", "level": "INFO", "agent": "smartport.agent.orchestrator", "message": "agent started"}
{"ts": "2026-08-16T17:41:31.922762+00:00", "level": "INFO", "agent": "smartport.agent.berth_agent", "message": "agent started"}
{"ts": "2026-08-16T17:41:31.922762+00:00", "level": "INFO", "agent": "smartport.agent.crane_agent", "message": "agent started"}
{"ts": "2026-08-16T17:41:31.922762+00:00", "level": "INFO", "agent": "smartport.agent.yard_agent", "message": "agent started"}
{"ts": "2026-08-16T17:41:31.922762+00:00", "level": "INFO", "agent": "smartport.agent.conflict_agent", "message": "agent started"}
{"ts": "2026-08-16T17:41:31.924276+00:00", "level": "INFO", "agent": "smartport.simulation", "message": "simulation ready: agents=['berth_agent', 'crane_agent', 'yard_agent', 'conflict_agent', 'orchestrator']"}
{"ts": "2026-08-16T17:41:31.924276+00:00", "level": "INFO", "agent": "smartport.board", "message": "board: [orchestrator] section='phase' updated by 'orchestrator' (v2)"}
{"ts": "2026-08-16T17:41:31.924276+00:00", "level": "INFO", "agent": "smartport.agent.orchestrator", "message": "=== scheduling cycle start (mode=ga, 10 vessels) ==="}
{"ts": "2026-08-16T17:41:32.963136+00:00", "level": "INFO", "agent": "smartport.board", "message": "board: [berth_agent] section='berth_plan' updated by 'berth_agent' (v3)"}
{"ts": "2026-08-16T17:41:32.963647+00:00", "level": "INFO", "agent": "smartport.agent.berth_agent", "message": "berth plan ready: mode=ga vessels=10 solve=1.04s"}
{"ts": "2026-08-16T17:41:32.963647+00:00", "level": "INFO", "agent": "smartport.board", "message": "board: [orchestrator] section='phase' updated by 'orchestrator' (v4)"}
{"ts": "2026-08-16T17:41:32.964658+00:00", "level": "INFO", "agent": "smartport.board", "message": "board: [crane_agent] section='crane_plan' updated by 'crane_agent' (v5)"}
{"ts": "2026-08-16T17:41:32.964658+00:00", "level": "INFO", "agent": "smartport.agent.crane_agent", "message": "crane plan ready: assignments=20 crane_moves=0 extended=1"}
{"ts": "2026-08-16T17:41:32.964658+00:00", "level": "INFO", "agent": "smartport.board", "message": "board: [orchestrator] section='phase' updated by 'orchestrator' (v6)"}
{"ts": "2026-08-16T17:41:32.965177+00:00", "level": "INFO", "agent": "smartport.board", "message": "board: [orchestrator] section='phase' updated by 'orchestrator' (v7)"}
{"ts": "2026-08-16T17:41:32.983941+00:00", "level": "WARNING", "agent": "smartport.yard", "message": "yard: no bay capacity for V010/export"}
{"ts": "2026-08-16T17:41:32.985470+00:00", "level": "WARNING", "agent": "smartport.yard", "message": "yard: no bay capacity for V008/export"}
{"ts": "2026-08-16T17:41:32.987479+00:00", "level": "WARNING", "agent": "smartport.yard", "message": "yard: no bay capacity for V005/export"}
{"ts": "2026-08-16T17:41:32.988487+00:00", "level": "INFO", "agent": "smartport.board", "message": "board: [yard_agent] section='yard_plan' updated by 'yard_agent' (v8)"}
{"ts": "2026-08-16T17:41:32.988487+00:00", "level": "INFO", "agent": "smartport.agent.yard_agent", "message": "yard plan ready: vessels=10 reshuffles=1482"}
{"ts": "2026-08-16T17:41:32.988487+00:00", "level": "INFO", "agent": "smartport.board", "message": "board: [orchestrator] section='kpi' updated by 'orchestrator' (v9)"}
{"ts": "2026-08-16T17:41:32.988487+00:00", "level": "INFO", "agent": "smartport.board", "message": "board: [orchestrator] section='berth_plan' updated by 'orchestrator' (v10)"}
{"ts": "2026-08-16T17:41:32.988487+00:00", "level": "INFO", "agent": "smartport.board", "message": "board: [orchestrator] section='crane_plan' updated by 'orchestrator' (v11)"}
{"ts": "2026-08-16T17:41:32.989487+00:00", "level": "INFO", "agent": "smartport.agent.orchestrator", "message": "=== cycle done (mode=ga): avg_port=5.84h max_wait=7.80h reshuffles=1482 elapsed=1.1s ==="}
{"ts": "2026-08-16T17:41:32.989487+00:00", "level": "INFO", "agent": "smartport.agent.orchestrator", "message": "agent stopped"}
{"ts": "2026-08-16T17:41:32.989487+00:00", "level": "INFO", "agent": "smartport.agent.berth_agent", "message": "agent stopped"}
{"ts": "2026-08-16T17:41:32.989487+00:00", "level": "INFO", "agent": "smartport.agent.crane_agent", "message": "agent stopped"}
{"ts": "2026-08-16T17:41:32.989487+00:00", "level": "INFO", "agent": "smartport.agent.yard_agent", "message": "agent stopped"}
{"ts": "2026-08-16T17:41:32.989487+00:00", "level": "INFO", "agent": "smartport.agent.conflict_agent", "message": "agent stopped"}
{"ts": "2026-08-16T17:41:33.313866+00:00", "level": "INFO", "agent": "smartport.viz", "message": "saved berth gantt: E:\\GitHub项目\\smartport-multiagent\\examples\\output\\berth_gantt_10v.png"}
{"ts": "2026-08-16T17:41:33.610080+00:00", "level": "INFO", "agent": "smartport.viz", "message": "saved crane timeline: E:\\GitHub项目\\smartport-multiagent\\examples\\output\\crane_timeline_10v.png"}
{"ts": "2026-08-16T17:58:56.287763+00:00", "level": "INFO", "agent": "smartport.board", "message": "board: [simulation] section='scenario' updated by 'simulation' (v1)"}
{"ts": "2026-08-16T17:58:56.288287+00:00", "level": "INFO", "agent": "smartport.agent.orchestrator", "message": "agent started"}
{"ts": "2026-08-16T17:58:56.288287+00:00", "level": "INFO", "agent": "smartport.agent.berth_agent", "message": "agent started"}
{"ts": "2026-08-16T17:58:56.288287+00:00", "level": "INFO", "agent": "smartport.agent.crane_agent", "message": "agent started"}
{"ts": "2026-08-16T17:58:56.288287+00:00", "level": "INFO", "agent": "smartport.agent.yard_agent", "message": "agent started"}
{"ts": "2026-08-16T17:58:56.288287+00:00", "level": "INFO", "agent": "smartport.agent.conflict_agent", "message": "agent started"}
{"ts": "2026-08-16T17:58:56.288287+00:00", "level": "INFO", "agent": "smartport.simulation", "message": "simulation ready: agents=['berth_agent', 'crane_agent', 'yard_agent', 'conflict_agent', 'orchestrator']"}
{"ts": "2026-08-16T17:58:56.288287+00:00", "level": "INFO", "agent": "smartport.board", "message": "board: [orchestrator] section='phase' updated by 'orchestrator' (v2)"}
{"ts": "2026-08-16T17:58:56.288287+00:00", "level": "INFO", "agent": "smartport.agent.orchestrator", "message": "=== scheduling cycle start (mode=ga, 10 vessels) ==="}
{"ts": "2026-08-16T17:58:57.393560+00:00", "level": "INFO", "agent": "smartport.board", "message": "board: [berth_agent] section='berth_plan' updated by 'berth_agent' (v3)"}
{"ts": "2026-08-16T17:58:57.393560+00:00", "level": "INFO", "agent": "smartport.agent.berth_agent", "message": "berth plan ready: mode=ga vessels=10 solve=1.10s"}
{"ts": "2026-08-16T17:58:57.394571+00:00", "level": "INFO", "agent": "smartport.board", "message": "board: [orchestrator] section='phase' updated by 'orchestrator' (v4)"}
{"ts": "2026-08-16T17:58:57.395082+00:00", "level": "INFO", "agent": "smartport.board", "message": "board: [crane_agent] section='crane_plan' updated by 'crane_agent' (v5)"}
{"ts": "2026-08-16T17:58:57.395082+00:00", "level": "INFO", "agent": "smartport.agent.crane_agent", "message": "crane plan ready: assignments=20 crane_moves=6 extended=2"}
{"ts": "2026-08-16T17:58:57.395082+00:00", "level": "INFO", "agent": "smartport.board", "message": "board: [orchestrator] section='phase' updated by 'orchestrator' (v6)"}
{"ts": "2026-08-16T17:58:57.395082+00:00", "level": "INFO", "agent": "smartport.board", "message": "board: [orchestrator] section='phase' updated by 'orchestrator' (v7)"}
{"ts": "2026-08-16T17:58:57.410814+00:00", "level": "WARNING", "agent": "smartport.yard", "message": "yard: no bay capacity for V003/export"}
{"ts": "2026-08-16T17:58:57.411818+00:00", "level": "INFO", "agent": "smartport.board", "message": "board: [yard_agent] section='yard_plan' updated by 'yard_agent' (v8)"}
{"ts": "2026-08-16T17:58:57.411818+00:00", "level": "INFO", "agent": "smartport.agent.yard_agent", "message": "yard plan ready: vessels=10 reshuffles=1210"}
{"ts": "2026-08-16T17:58:57.412821+00:00", "level": "INFO", "agent": "smartport.board", "message": "board: [orchestrator] section='kpi' updated by 'orchestrator' (v9)"}
{"ts": "2026-08-16T17:58:57.413824+00:00", "level": "INFO", "agent": "smartport.board", "message": "board: [orchestrator] section='berth_plan' updated by 'orchestrator' (v10)"}
{"ts": "2026-08-16T17:58:57.413824+00:00", "level": "INFO", "agent": "smartport.board", "message": "board: [orchestrator] section='crane_plan' updated by 'orchestrator' (v11)"}
{"ts": "2026-08-16T17:58:57.413824+00:00", "level": "INFO", "agent": "smartport.agent.orchestrator", "message": "=== cycle done (mode=ga): avg_port=6.04h max_wait=7.72h reshuffles=1210 elapsed=1.1s ==="}
{"ts": "2026-08-16T17:58:57.414827+00:00", "level": "INFO", "agent": "smartport.agent.orchestrator", "message": "agent stopped"}
{"ts": "2026-08-16T17:58:57.414827+00:00", "level": "INFO", "agent": "smartport.agent.berth_agent", "message": "agent stopped"}
{"ts": "2026-08-16T17:58:57.415341+00:00", "level": "INFO", "agent": "smartport.agent.crane_agent", "message": "agent stopped"}
{"ts": "2026-08-16T17:58:57.415341+00:00", "level": "INFO", "agent": "smartport.agent.yard_agent", "message": "agent stopped"}
{"ts": "2026-08-16T17:58:57.415341+00:00", "level": "INFO", "agent": "smartport.agent.conflict_agent", "message": "agent stopped"}
{"ts": "2026-08-16T17:58:57.721668+00:00", "level": "INFO", "agent": "smartport.viz", "message": "saved berth gantt: E:\\GitHub项目\\smartport-multiagent\\examples\\output\\berth_gantt_10v.png"}
{"ts": "2026-08-16T17:58:57.974964+00:00", "level": "INFO", "agent": "smartport.viz", "message": "saved crane timeline: E:\\GitHub项目\\smartport-multiagent\\examples\\output\\crane_timeline_10v.png"}
{"ts": "2026-08-17T16:16:42.032445+00:00", "level": "INFO", "agent": "smartport.board", "message": "board: [simulation] section='scenario' updated by 'simulation' (v1)"}
{"ts": "2026-08-17T16:16:42.033546+00:00", "level": "INFO", "agent": "smartport.agent.orchestrator", "message": "agent started"}
{"ts": "2026-08-17T16:16:42.033546+00:00", "level": "INFO", "agent": "smartport.agent.berth_agent", "message": "agent started"}
{"ts": "2026-08-17T16:16:42.034149+00:00", "level": "INFO", "agent": "smartport.agent.crane_agent", "message": "agent started"}
{"ts": "2026-08-17T16:16:42.034149+00:00", "level": "INFO", "agent": "smartport.agent.yard_agent", "message": "agent started"}
{"ts": "2026-08-17T16:16:42.034149+00:00", "level": "INFO", "agent": "smartport.agent.conflict_agent", "message": "agent started"}
{"ts": "2026-08-17T16:16:42.034697+00:00", "level": "INFO", "agent": "smartport.simulation", "message": "simulation ready: agents=['berth_agent', 'crane_agent', 'yard_agent', 'conflict_agent', 'orchestrator']"}
{"ts": "2026-08-17T16:16:42.034697+00:00", "level": "INFO", "agent": "smartport.board", "message": "board: [orchestrator] section='phase' updated by 'orchestrator' (v2)"}
{"ts": "2026-08-17T16:16:42.034697+00:00", "level": "INFO", "agent": "smartport.agent.orchestrator", "message": "=== scheduling cycle start (mode=ga, 10 vessels) ==="}
{"ts": "2026-08-17T16:16:43.109069+00:00", "level": "INFO", "agent": "smartport.board", "message": "board: [berth_agent] section='berth_plan' updated by 'berth_agent' (v3)"}
{"ts": "2026-08-17T16:16:43.110079+00:00", "level": "INFO", "agent": "smartport.agent.berth_agent", "message": "berth plan ready: mode=ga vessels=10 solve=1.07s"}
{"ts": "2026-08-17T16:16:43.110587+00:00", "level": "INFO", "agent": "smartport.board", "message": "board: [orchestrator] section='phase' updated by 'orchestrator' (v4)"}
{"ts": "2026-08-17T16:16:43.111598+00:00", "level": "INFO", "agent": "smartport.board", "message": "board: [crane_agent] section='crane_plan' updated by 'crane_agent' (v5)"}
{"ts": "2026-08-17T16:16:43.111598+00:00", "level": "INFO", "agent": "smartport.agent.crane_agent", "message": "crane plan ready: assignments=20 crane_moves=6 extended=2"}
{"ts": "2026-08-17T16:16:43.111598+00:00", "level": "INFO", "agent": "smartport.board", "message": "board: [orchestrator] section='phase' updated by 'orchestrator' (v6)"}
{"ts": "2026-08-17T16:16:43.113110+00:00", "level": "INFO", "agent": "smartport.board", "message": "board: [orchestrator] section='phase' updated by 'orchestrator' (v7)"}
{"ts": "2026-08-17T16:16:43.133880+00:00", "level": "WARNING", "agent": "smartport.yard", "message": "yard: no bay capacity for V003/export"}
{"ts": "2026-08-17T16:16:43.134879+00:00", "level": "INFO", "agent": "smartport.board", "message": "board: [yard_agent] section='yard_plan' updated by 'yard_agent' (v8)"}
{"ts": "2026-08-17T16:16:43.134879+00:00", "level": "INFO", "agent": "smartport.agent.yard_agent", "message": "yard plan ready: vessels=10 reshuffles=1210"}
{"ts": "2026-08-17T16:16:43.134879+00:00", "level": "INFO", "agent": "smartport.board", "message": "board: [orchestrator] section='kpi' updated by 'orchestrator' (v9)"}
{"ts": "2026-08-17T16:16:43.134879+00:00", "level": "INFO", "agent": "smartport.board", "message": "board: [orchestrator] section='berth_plan' updated by 'orchestrator' (v10)"}
{"ts": "2026-08-17T16:16:43.136394+00:00", "level": "INFO", "agent": "smartport.board", "message": "board: [orchestrator] section='crane_plan' updated by 'orchestrator' (v11)"}
{"ts": "2026-08-17T16:16:43.136394+00:00", "level": "INFO", "agent": "smartport.agent.orchestrator", "message": "=== cycle done (mode=ga): avg_port=6.04h max_wait=7.72h reshuffles=1210 elapsed=1.1s ==="}
{"ts": "2026-08-17T16:16:43.136394+00:00", "level": "INFO", "agent": "smartport.agent.orchestrator", "message": "agent stopped"}
{"ts": "2026-08-17T16:16:43.137409+00:00", "level": "INFO", "agent": "smartport.agent.berth_agent", "message": "agent stopped"}
{"ts": "2026-08-17T16:16:43.137409+00:00", "level": "INFO", "agent": "smartport.agent.crane_agent", "message": "agent stopped"}
{"ts": "2026-08-17T16:16:43.137409+00:00", "level": "INFO", "agent": "smartport.agent.yard_agent", "message": "agent stopped"}
{"ts": "2026-08-17T16:16:43.137409+00:00", "level": "INFO", "agent": "smartport.agent.conflict_agent", "message": "agent stopped"}
{"ts": "2026-08-17T16:16:43.499757+00:00", "level": "INFO", "agent": "smartport.viz", "message": "saved berth gantt: E:\\GitHub项目\\smartport-multiagent\\examples\\output\\berth_gantt_10v.png"}
{"ts": "2026-08-17T16:16:43.720788+00:00", "level": "INFO", "agent": "smartport.viz", "message": "saved crane timeline: E:\\GitHub项目\\smartport-multiagent\\examples\\output\\crane_timeline_10v.png"}
{"ts": "2026-08-17T16:23:27.376190+00:00", "level": "INFO", "agent": "smartport.board", "message": "board: [simulation] section='scenario' updated by 'simulation' (v1)"}
{"ts": "2026-08-17T16:23:27.376705+00:00", "level": "INFO", "agent": "smartport.agent.orchestrator", "message": "agent started"}
{"ts": "2026-08-17T16:23:27.377726+00:00", "level": "INFO", "agent": "smartport.agent.berth_agent", "message": "agent started"}
{"ts": "2026-08-17T16:23:27.377726+00:00", "level": "INFO", "agent": "smartport.agent.crane_agent", "message": "agent started"}
{"ts": "2026-08-17T16:23:27.377726+00:00", "level": "INFO", "agent": "smartport.agent.yard_agent", "message": "agent started"}
{"ts": "2026-08-17T16:23:27.377726+00:00", "level": "INFO", "agent": "smartport.agent.conflict_agent", "message": "agent started"}
{"ts": "2026-08-17T16:23:27.377726+00:00", "level": "INFO", "agent": "smartport.simulation", "message": "simulation ready: agents=['berth_agent', 'crane_agent', 'yard_agent', 'conflict_agent', 'orchestrator']"}
{"ts": "2026-08-17T16:23:27.377726+00:00", "level": "INFO", "agent": "smartport.board", "message": "board: [orchestrator] section='phase' updated by 'orchestrator' (v2)"}
{"ts": "2026-08-17T16:23:27.377726+00:00", "level": "INFO", "agent": "smartport.agent.orchestrator", "message": "=== scheduling cycle start (mode=ga, 10 vessels) ==="}
{"ts": "2026-08-17T16:23:28.283310+00:00", "level": "INFO", "agent": "smartport.board", "message": "board: [berth_agent] section='berth_plan' updated by 'berth_agent' (v3)"}
{"ts": "2026-08-17T16:23:28.284308+00:00", "level": "INFO", "agent": "smartport.agent.berth_agent", "message": "berth plan ready: mode=ga vessels=10 solve=0.90s"}
{"ts": "2026-08-17T16:23:28.284308+00:00", "level": "INFO", "agent": "smartport.board", "message": "board: [orchestrator] section='phase' updated by 'orchestrator' (v4)"}
{"ts": "2026-08-17T16:23:28.284819+00:00", "level": "INFO", "agent": "smartport.board", "message": "board: [crane_agent] section='crane_plan' updated by 'crane_agent' (v5)"}
{"ts": "2026-08-17T16:23:28.284819+00:00", "level": "INFO", "agent": "smartport.agent.crane_agent", "message": "crane plan ready: assignments=20 crane_moves=6 extended=2"}
{"ts": "2026-08-17T16:23:28.284819+00:00", "level": "INFO", "agent": "smartport.board", "message": "board: [orchestrator] section='phase' updated by 'orchestrator' (v6)"}
{"ts": "2026-08-17T16:23:28.284819+00:00", "level": "INFO", "agent": "smartport.board", "message": "board: [orchestrator] section='phase' updated by 'orchestrator' (v7)"}
{"ts": "2026-08-17T16:23:28.288354+00:00", "level": "INFO", "agent": "smartport.board", "message": "board: [yard_agent] section='yard_plan' updated by 'yard_agent' (v8)"}
{"ts": "2026-08-17T16:23:28.289355+00:00", "level": "INFO", "agent": "smartport.agent.yard_agent", "message": "yard plan ready: vessels=10 reshuffles=0"}
{"ts": "2026-08-17T16:23:28.289355+00:00", "level": "INFO", "agent": "smartport.board", "message": "board: [orchestrator] section='kpi' updated by 'orchestrator' (v9)"}
{"ts": "2026-08-17T16:23:28.289355+00:00", "level": "INFO", "agent": "smartport.board", "message": "board: [orchestrator] section='berth_plan' updated by 'orchestrator' (v10)"}
{"ts": "2026-08-17T16:23:28.289355+00:00", "level": "INFO", "agent": "smartport.board", "message": "board: [orchestrator] section='crane_plan' updated by 'orchestrator' (v11)"}
{"ts": "2026-08-17T16:23:28.289355+00:00", "level": "INFO", "agent": "smartport.agent.orchestrator", "message": "=== cycle done (mode=ga): avg_port=6.04h max_wait=7.72h reshuffles=0 elapsed=0.9s ==="}
{"ts": "2026-08-17T16:23:28.290358+00:00", "level": "INFO", "agent": "smartport.agent.orchestrator", "message": "agent stopped"}
{"ts": "2026-08-17T16:23:28.290358+00:00", "level": "INFO", "agent": "smartport.agent.berth_agent", "message": "agent stopped"}
{"ts": "2026-08-17T16:23:28.290358+00:00", "level": "INFO", "agent": "smartport.agent.crane_agent", "message": "agent stopped"}
{"ts": "2026-08-17T16:23:28.290358+00:00", "level": "INFO", "agent": "smartport.agent.yard_agent", "message": "agent stopped"}
{"ts": "2026-08-17T16:23:28.290358+00:00", "level": "INFO", "agent": "smartport.agent.conflict_agent", "message": "agent stopped"}
{"ts": "2026-08-17T16:23:28.547239+00:00", "level": "INFO", "agent": "smartport.viz", "message": "saved berth gantt: E:\\GitHub项目\\smartport-multiagent\\examples\\output\\berth_gantt_10v.png"}
{"ts": "2026-08-17T16:23:28.761883+00:00", "level": "INFO", "agent": "smartport.viz", "message": "saved crane timeline: E:\\GitHub项目\\smartport-multiagent\\examples\\output\\crane_timeline_10v.png"}
